// Jest Snapshot v1, https://goo.gl/fbAQLP

exports[`RInput should render input 1`] = `
<div class="r-input"><input value="value" class="r-input__input">
  <!---->
  <!---->
</div>
`;
