// Jest Snapshot v1, https://goo.gl/fbAQLP

exports[`RField should render field 1`] = `<div id="field-field" class="r-field"> </div>`;
